---
source: src/tui/views/snapshot_tests.rs
expression: screen
---
" █▀▄ █▀▀  RunSite CLI vxxxxx                                                                                            "
" █▀▄ ▄▄█  ada@example.com · profile: default                                                                            "
"          https://api.runsite.app                                                                                       "
"┌ api · ● running ─────────────────────────────────────────────────────────────────────────────────────────────────────┐"
"│ 1 Overview   2 Logs   3 Deploys                                                                                      │"
"│                                                                                                                      │"
"│Status     ● running                                                                                                  │"
"│URL        https://api-x.runsite.app                                                                                  │"
"│Source     branch main                                                                                                │"
"│Instances  1–3 (live 2)                                                                                               │"
"│Live       3f2a9c1 change 3f2a9c1d · 2h ago                                                                           │"
"│                                                                                                                      │"
"│CPU         12.5%                       ▁▂▂▃▃▄▄▅▅▆▇▇                                                                  │"
"│Memory      50.0% (256 MB / 512 MB)     ▅▅▅▅▅▅▅▅▅▅▅▅                                                                  │"
"│                                                                                                                      │"
"│                                                                                                                      │"
"│                                                                                                                      │"
"│                                                                                                                      │"
"│                                                                                                                      │"
"│                                                                                                                      │"
"│                                                                                                                      │"
"│                                                                                                                      │"
"│                                                                                                                      │"
"│                                                                                                                      │"
"│                                                                                                                      │"
"│                                                                                                                      │"
"│                                                                                                                      │"
"│                                                                                                                      │"
"│                                                                                                                      │"
"│                                                                                                                      │"
"│                                                                                                                      │"
"│                                                                                                                      │"
"│                                                                                                                      │"
"│                                                                                                                      │"
"│                                                                                                                      │"
"│                                                                                                                      │"
"│                                                                                                                      │"
"│                                                                                                                      │"
"└──────────────────────────────────────────────────────────────────────────────────────────────────────────────────────┘"
" 1-3 tabs · esc back · ? help · q quit                                                                   updated 0s ago "
