---
source: src/tui/views/snapshot_tests.rs
expression: screen
---
" █▀▄ █▀▀  RunSite CLI vxxxxx                                                                                            "
" █▀▄ ▄▄█  profile: default                                                                                              "
"          https://api.runsite.app                                                                                       "
"┌ Projects ⠋ ──────────────────┐┌ Resources ⠋ ─────────────────────────────────────────────────────────────────────────┐"
"│ Loading…                     ││                                                                                      │"
"│                              ││                                                                                      │"
"│                              ││                                                                                      │"
"│                              ││                                                                                      │"
"│                              ││                                                                                      │"
"│                              ││                                                                                      │"
"│                              ││                                                                                      │"
"│                              ││                                                                                      │"
"│                              ││                                                                                      │"
"│                              ││                                                                                      │"
"│                              ││                                                                                      │"
"│                              ││                                                                                      │"
"│                              ││                                                                                      │"
"│                              ││                                                                                      │"
"│                              ││                                                                                      │"
"│                              ││                                                                                      │"
"│                              ││                                                                                      │"
"│                              ││                                                                                      │"
"│                              ││                                                                                      │"
"│                              ││                                                                                      │"
"│                              ││                                                                                      │"
"│                              ││                                                                                      │"
"│                              ││                                                                                      │"
"│                              ││                                                                                      │"
"│                              ││                                                                                      │"
"│                              ││                                                                                      │"
"│                              ││                                                                                      │"
"│                              ││                                                                                      │"
"│                              ││                                                                                      │"
"│                              ││                                                                                      │"
"│                              ││                                                                                      │"
"│                              ││                                                                                      │"
"│                              ││                                                                                      │"
"│                              ││                                                                                      │"
"└──────────────────────────────┘└──────────────────────────────────────────────────────────────────────────────────────┘"
" enter select · / filter · ? help · q quit                                                                              "
