---
source: src/tui/views/snapshot_tests.rs
expression: screen
---
" █▀▄ █▀▀  RunSite CLI vxxxxx                                                                                            "
" █▀▄ ▄▄█  profile: default                                                                                              "
"          https://api.runsite.app                                                                                       "
"┌ Projects ────────────────────┐┌ Resources ───────────────────────────────────────────────────────────────────────────┐"
"│ No projects yet. Create one  ││                                                                                      │"
"│with `runsite project create  ││                                                                                      │"
"│<name>`.                      ││                                                                                      │"
"│                              ││                                                                                      │"
"│                              ││                                                                                      │"
"│                              ││                                                                                      │"
"│                              ││                                                                                      │"
"│                              ││                                                                                      │"
"│                              ││                                                                                      │"
"│                              ││                                                                                      │"
"│                              ││                                                                                      │"
"│                              ││                                                                                      │"
"│                              ││                                                                                      │"
"│                              ││                                                                                      │"
"│                              ││                                                                                      │"
"│                              ││                                                                                      │"
"│                              ││                                                                                      │"
"│                              ││                                                                                      │"
"│                              ││                                                                                      │"
"│                              ││                                                                                      │"
"│                              ││                                                                                      │"
"│                              ││                                                                                      │"
"│                              ││                                                                                      │"
"│                              ││                                                                                      │"
"│                              ││                                                                                      │"
"│                              ││                                                                                      │"
"│                              ││                                                                                      │"
"│                              ││                                                                                      │"
"│                              ││                                                                                      │"
"│                              ││                                                                                      │"
"│                              ││                                                                                      │"
"│                              ││                                                                                      │"
"│                              ││                                                                                      │"
"│                              ││                                                                                      │"
"└──────────────────────────────┘└──────────────────────────────────────────────────────────────────────────────────────┘"
" enter select · / filter · ? help · q quit                                                               updated 0s ago "
