---
source: src/tui/views/snapshot_tests.rs
expression: screen
---
"                                                           "
"                                                           "
"                                                           "
"                                                           "
"                                                           "
"                                                           "
"                                                           "
"                                                           "
"                                                           "
"            Please enlarge the terminal window             "
"                 at least 60x15, now 59x20                 "
"                                                           "
"                                                           "
"                                                           "
"                                                           "
"                                                           "
"                                                           "
"                                                           "
"                                                           "
"                                                           "
